02:07:47 **** Incremental Build of configuration Debug for project AFP_3_App_1_3_Grupo_6_2024 ****
make -j8 all 
arm-none-eabi-gcc "../Drivers/API/Src/API_Delay.c" -mcpu=cortex-m4 -std=gnu11 -g3 -DDEBUG -DUSE_HAL_DRIVER -DSTM32F429xx -c -I../Core/Inc -I../Drivers/STM32F4xx_HAL_Driver/Inc -I../Drivers/STM32F4xx_HAL_Driver/Inc/Legacy -I../Drivers/CMSIS/Device/ST/STM32F4xx/Include -I../Drivers/CMSIS/Include -I"C:/Users/crist/STM32CubeIDE/AFP_3_TDII_2024/AFP_3_App_1_3_Grupo_6_2024/Drivers/API/Inc" -I"C:/Users/crist/STM32CubeIDE/AFP_3_TDII_2024/AFP_3_App_1_3_Grupo_6_2024/Drivers/API/Src" -O0 -ffunction-sections -fdata-sections -Wall -fstack-usage -fcyclomatic-complexity -MMD -MP -MF"Drivers/API/Src/API_Delay.d" -MT"Drivers/API/Src/API_Delay.o" --specs=nano.specs -mfpu=fpv4-sp-d16 -mfloat-abi=hard -mthumb -o "Drivers/API/Src/API_Delay.o"
arm-none-eabi-gcc "../Drivers/API/Src/API_GPIO.c" -mcpu=cortex-m4 -std=gnu11 -g3 -DDEBUG -DUSE_HAL_DRIVER -DSTM32F429xx -c -I../Core/Inc -I../Drivers/STM32F4xx_HAL_Driver/Inc -I../Drivers/STM32F4xx_HAL_Driver/Inc/Legacy -I../Drivers/CMSIS/Device/ST/STM32F4xx/Include -I../Drivers/CMSIS/Include -I"C:/Users/crist/STM32CubeIDE/AFP_3_TDII_2024/AFP_3_App_1_3_Grupo_6_2024/Drivers/API/Inc" -I"C:/Users/crist/STM32CubeIDE/AFP_3_TDII_2024/AFP_3_App_1_3_Grupo_6_2024/Drivers/API/Src" -O0 -ffunction-sections -fdata-sections -Wall -fstack-usage -fcyclomatic-complexity -MMD -MP -MF"Drivers/API/Src/API_GPIO.d" -MT"Drivers/API/Src/API_GPIO.o" --specs=nano.specs -mfpu=fpv4-sp-d16 -mfloat-abi=hard -mthumb -o "Drivers/API/Src/API_GPIO.o"
arm-none-eabi-gcc "../Core/Src/main.c" -mcpu=cortex-m4 -std=gnu11 -g3 -DDEBUG -DUSE_HAL_DRIVER -DSTM32F429xx -c -I../Core/Inc -I../Drivers/STM32F4xx_HAL_Driver/Inc -I../Drivers/STM32F4xx_HAL_Driver/Inc/Legacy -I../Drivers/CMSIS/Device/ST/STM32F4xx/Include -I../Drivers/CMSIS/Include -I"C:/Users/crist/STM32CubeIDE/AFP_3_TDII_2024/AFP_3_App_1_3_Grupo_6_2024/Drivers/API/Inc" -I"C:/Users/crist/STM32CubeIDE/AFP_3_TDII_2024/AFP_3_App_1_3_Grupo_6_2024/Drivers/API/Src" -O0 -ffunction-sections -fdata-sections -Wall -fstack-usage -fcyclomatic-complexity -MMD -MP -MF"Core/Src/main.d" -MT"Core/Src/main.o" --specs=nano.specs -mfpu=fpv4-sp-d16 -mfloat-abi=hard -mthumb -o "Core/Src/main.o"
arm-none-eabi-gcc -o "AFP_3_App_1_3_Grupo_6_2024.elf" @"objects.list"   -mcpu=cortex-m4 -T"C:\Users\crist\STM32CubeIDE\AFP_3_TDII_2024\AFP_3_App_1_3_Grupo_6_2024\STM32F429ZITX_FLASH.ld" --specs=nosys.specs -Wl,-Map="AFP_3_App_1_3_Grupo_6_2024.map" -Wl,--gc-sections -static --specs=nano.specs -mfpu=fpv4-sp-d16 -mfloat-abi=hard -mthumb -Wl,--start-group -lc -lm -Wl,--end-group
Finished building target: AFP_3_App_1_3_Grupo_6_2024.elf
 
arm-none-eabi-size  AFP_3_App_1_3_Grupo_6_2024.elf 
arm-none-eabi-objdump -h -S AFP_3_App_1_3_Grupo_6_2024.elf  > "AFP_3_App_1_3_Grupo_6_2024.list"
   text	   data	    bss	    dec	    hex	filename
  13548	     16	   3200	  16764	   417c	AFP_3_App_1_3_Grupo_6_2024.elf
Finished building: default.size.stdout
 
Finished building: AFP_3_App_1_3_Grupo_6_2024.list
 

02:08:02 Build Finished. 0 errors, 0 warnings. (took 14s.371ms)

