../Core/Src/main.c:103:5:main	8	static
../Core/Src/main.c:170:8:checkSensors	8	static
../Core/Src/main.c:224:8:checkKeypad	8	static
../Core/Src/main.c:269:6:SystemClock_Config	88	static
../Core/Src/main.c:315:13:MX_ETH_Init	8	static
../Core/Src/main.c:364:6:MX_I2C1_Init	8	static
../Core/Src/main.c:412:13:MX_USART2_UART_Init	8	static
../Core/Src/main.c:445:13:MX_USART3_UART_Init	8	static
../Core/Src/main.c:478:13:MX_USB_OTG_FS_PCD_Init	8	static
../Core/Src/main.c:513:13:MX_GPIO_Init	64	static
../Core/Src/main.c:656:6:Error_Handler	4	static,ignoring_inline_asm
