../Core/Src/main.c:83:6:Secuencia1	16	static
../Core/Src/main.c:92:6:Secuencia2	16	static
../Core/Src/main.c:103:6:Secuencia3	24	static
../Core/Src/main.c:137:6:Secuencia4	8	static
../Core/Src/main.c:157:5:main	8	static
../Core/Src/main.c:231:6:SystemClock_Config	88	static
../Core/Src/main.c:277:13:MX_ETH_Init	8	static
../Core/Src/main.c:326:13:MX_USART3_UART_Init	8	static
../Core/Src/main.c:359:13:MX_USB_OTG_FS_PCD_Init	8	static
../Core/Src/main.c:395:13:MX_GPIO_Init	56	static
../Core/Src/main.c:453:6:Error_Handler	4	static,ignoring_inline_asm
