../Core/Src/main.c:78:6:Secuencia1	16	static
../Core/Src/main.c:87:6:Secuencia2	16	static
../Core/Src/main.c:98:6:Secuencia3	24	static
../Core/Src/main.c:135:6:Secuencia4	8	static
../Core/Src/main.c:153:5:main	8	static
../Core/Src/main.c:225:6:SystemClock_Config	88	static
../Core/Src/main.c:271:13:MX_ETH_Init	8	static
../Core/Src/main.c:303:13:MX_USART3_UART_Init	8	static
../Core/Src/main.c:324:13:MX_USB_OTG_FS_PCD_Init	8	static
../Core/Src/main.c:346:13:MX_GPIO_Init	48	static
../Core/Src/main.c:381:6:Error_Handler	4	static
