11:26:08 **** Incremental Build of configuration Debug for project App_1_4_Grupo_6_2024 ****
make -j8 all 
arm-none-eabi-size  App_1_4_Grupo_6_2024.elf 
   text	   data	    bss	    dec	    hex	filename
  12736	     12	   3452	  16200	   3f48	App_1_4_Grupo_6_2024.elf
Finished building: default.size.stdout
 
11:26:11 **** Incremental Build of configuration Debug for project App_1_4_Grupo_6_2024 ****
make -j8 all 
arm-none-eabi-size  App_1_4_Grupo_6_2024.elf 
   text	   data	    bss	    dec	    hex	filename
  12736	     12	   3452	  16200	   3f48	App_1_4_Grupo_6_2024.elf
Finished building: default.size.stdout
 
