12:09:14 **** Incremental Build of configuration Debug for project App_1_3_Grupo_6_2024 ****
make -j8 all 
arm-none-eabi-size  App_1_3_Grupo_6_2024.elf 
   text	   data	    bss	    dec	    hex	filename
  13124	     36	   3140	  16300	   3fac	App_1_3_Grupo_6_2024.elf
Finished building: default.size.stdout
 
12:09:17 **** Incremental Build of configuration Debug for project App_1_3_Grupo_6_2024 ****
make -j8 all 
arm-none-eabi-size  App_1_3_Grupo_6_2024.elf 
   text	   data	    bss	    dec	    hex	filename
  13124	     36	   3140	  16300	   3fac	App_1_3_Grupo_6_2024.elf
Finished building: default.size.stdout
 
